// Jest Snapshot v1, https://goo.gl/fbAQLP

exports[`CanvasGoBang view should be rendered properly 1`] = `
<div
  className="canvas-gobang-style"
>
  <Component />
  <Component />
</div>
`;
