// Jest Snapshot v1, https://goo.gl/fbAQLP

exports[`CanvasChessBoard view should be rendered properly 1`] = `
<canvas
  className="canvas-chessboard-style"
  height={160}
  width={160}
/>
`;
