// Jest Snapshot v1, https://goo.gl/fbAQLP

exports[`ResponsiveContainer view should be rendered properly 1`] = `
<div
  className="responsive-container-style"
/>
`;
